
> nodecom@0.1.0 typecheck
> tsc --noEmit

.next/dev/types/validator.ts(270,31): error TS2344: Type 'typeof import("/Users/naimulislam/Desktop/Lightborn/NodeCommerce/nodecom/src/app/api/aco/global-jobs/[id]/route")' does not satisfy the constraint 'RouteHandlerConfig<"/api/aco/global-jobs/[id]">'.
  Types of property 'GET' are incompatible.
    Type '(_req: Request, { params }: { params: { id: string; }; }) => Promise<NextResponse<{ error: string; }> | NextResponse<{ ok: boolean; job: { demandSnapshots: { id: string; createdAt: Date; ... 10 more ...; effectiveDeficit: number; }[]; ... 17 more ...; totalSupply: JsonValue; }; }>>' is not assignable to type '(request: NextRequest, context: { params: Promise<{ id: string; }>; }) => void | Response | Promise<void | Response>'.
      Types of parameters '__1' and 'context' are incompatible.
        Type '{ params: Promise<{ id: string; }>; }' is not assignable to type '{ params: { id: string; }; }'.
          Types of property 'params' are incompatible.
            Property 'id' is missing in type 'Promise<{ id: string; }>' but required in type '{ id: string; }'.
.next/dev/types/validator.ts(342,31): error TS2344: Type 'typeof import("/Users/naimulislam/Desktop/Lightborn/NodeCommerce/nodecom/src/app/api/aco/shipments/[id]/approve/route")' does not satisfy the constraint 'RouteHandlerConfig<"/api/aco/shipments/[id]/approve">'.
  Types of property 'PATCH' are incompatible.
    Type '(req: Request, { params }: { params: { id: string; }; }) => Promise<NextResponse<{ error: string; }> | NextResponse<{ ok: boolean; shipment: { lineItems: { id: string; createdAt: Date; ... 9 more ...; allocatedQty: number; }[]; } & { ...; }; autoPhase4Triggered: boolean; }>>' is not assignable to type '(request: NextRequest, context: { params: Promise<{ id: string; }>; }) => void | Response | Promise<void | Response>'.
      Types of parameters '__1' and 'context' are incompatible.
        Type '{ params: Promise<{ id: string; }>; }' is not assignable to type '{ params: { id: string; }; }'.
          Types of property 'params' are incompatible.
            Property 'id' is missing in type 'Promise<{ id: string; }>' but required in type '{ id: string; }'.
src/app/api/aco/approve-inter-district/route.ts(51,9): error TS2561: Object literal may only specify known properties, but 'sourceDistrict' does not exist in type 'InterDistrictOpportunityInclude<DefaultArgs>'. Did you mean to write 'sourceDist'?
src/app/api/aco/approve-inter-district/route.ts(79,53): error TS2551: Property 'sourceDistrict' does not exist on type '{ id: string; createdAt: Date; status: string; updatedAt: Date; distanceKm: number; jobId: string; sourceDistrictId: string; targetDistrictId: string; lineItems: JsonValue; ... 6 more ...; expiresAt: Date; }'. Did you mean 'sourceDistrictId'?
src/app/api/aco/approve-inter-district/route.ts(79,91): error TS2551: Property 'targetDistrict' does not exist on type '{ id: string; createdAt: Date; status: string; updatedAt: Date; distanceKm: number; jobId: string; sourceDistrictId: string; targetDistrictId: string; lineItems: JsonValue; ... 6 more ...; expiresAt: Date; }'. Did you mean 'targetDistrictId'?
src/app/api/aco/approve-inter-district/route.ts(116,19): error TS2353: Object literal may only specify known properties, and 'phase3Allocated' does not exist in type '(Without<ACORoutingJobUpdateInput, ACORoutingJobUncheckedUpdateInput> & ACORoutingJobUncheckedUpdateInput) | (Without<...> & ACORoutingJobUpdateInput)'.
src/app/api/aco/approve-inter-district/route.ts(116,61): error TS2339: Property 'quantity' does not exist on type '{ id: string; createdAt: Date; status: string; updatedAt: Date; distanceKm: number; jobId: string; sourceDistrictId: string; targetDistrictId: string; lineItems: JsonValue; ... 6 more ...; expiresAt: Date; }'.
src/app/api/aco/approve-inter-district/route.ts(157,19): error TS2353: Object literal may only specify known properties, and 'phase3Allocated' does not exist in type '(Without<ACORoutingJobUpdateInput, ACORoutingJobUncheckedUpdateInput> & ACORoutingJobUncheckedUpdateInput) | (Without<...> & ACORoutingJobUpdateInput)'.
src/app/api/aco/approve-inter-district/route.ts(157,61): error TS2339: Property 'quantity' does not exist on type '{ id: string; createdAt: Date; status: string; updatedAt: Date; distanceKm: number; jobId: string; sourceDistrictId: string; targetDistrictId: string; lineItems: JsonValue; ... 6 more ...; expiresAt: Date; }'.
src/app/api/aco/approve-inter-district/route.ts(184,52): error TS2339: Property 'productName' does not exist on type '{ id: string; createdAt: Date; status: string; updatedAt: Date; distanceKm: number; jobId: string; sourceDistrictId: string; targetDistrictId: string; lineItems: JsonValue; ... 6 more ...; expiresAt: Date; }'.
src/app/api/aco/approve-inter-district/route.ts(193,46): error TS2339: Property 'quantity' does not exist on type '{ id: string; createdAt: Date; status: string; updatedAt: Date; distanceKm: number; jobId: string; sourceDistrictId: string; targetDistrictId: string; lineItems: JsonValue; ... 6 more ...; expiresAt: Date; }'.
src/app/api/aco/approve-inter-district/route.ts(196,52): error TS2339: Property 'quantity' does not exist on type '{ id: string; createdAt: Date; status: string; updatedAt: Date; distanceKm: number; jobId: string; sourceDistrictId: string; targetDistrictId: string; lineItems: JsonValue; ... 6 more ...; expiresAt: Date; }'.
src/app/api/aco/approve-inter-district/route.ts(210,42): error TS2339: Property 'productName' does not exist on type '{ id: string; createdAt: Date; status: string; updatedAt: Date; distanceKm: number; jobId: string; sourceDistrictId: string; targetDistrictId: string; lineItems: JsonValue; ... 6 more ...; expiresAt: Date; }'.
src/app/api/aco/approve-inter-district/route.ts(211,39): error TS2339: Property 'quantity' does not exist on type '{ id: string; createdAt: Date; status: string; updatedAt: Date; distanceKm: number; jobId: string; sourceDistrictId: string; targetDistrictId: string; lineItems: JsonValue; ... 6 more ...; expiresAt: Date; }'.
src/app/api/aco/approve-inter-district/route.ts(234,41): error TS2551: Property 'sourceDistrict' does not exist on type '{ id: string; createdAt: Date; status: string; updatedAt: Date; distanceKm: number; jobId: string; sourceDistrictId: string; targetDistrictId: string; lineItems: JsonValue; ... 6 more ...; expiresAt: Date; }'. Did you mean 'sourceDistrictId'?
src/app/api/aco/approve-inter-district/route.ts(235,39): error TS2551: Property 'targetDistrict' does not exist on type '{ id: string; createdAt: Date; status: string; updatedAt: Date; distanceKm: number; jobId: string; sourceDistrictId: string; targetDistrictId: string; lineItems: JsonValue; ... 6 more ...; expiresAt: Date; }'. Did you mean 'targetDistrictId'?
src/app/api/aco/approve-inter-district/route.ts(236,42): error TS2339: Property 'productName' does not exist on type '{ id: string; createdAt: Date; status: string; updatedAt: Date; distanceKm: number; jobId: string; sourceDistrictId: string; targetDistrictId: string; lineItems: JsonValue; ... 6 more ...; expiresAt: Date; }'.
src/app/api/aco/approve-inter-district/route.ts(245,57): error TS2339: Property 'quantity' does not exist on type '{ id: string; createdAt: Date; status: string; updatedAt: Date; distanceKm: number; jobId: string; sourceDistrictId: string; targetDistrictId: string; lineItems: JsonValue; ... 6 more ...; expiresAt: Date; }'.
src/app/api/aco/approve-inter-district/route.ts(251,43): error TS2551: Property 'sourceDistrict' does not exist on type '{ id: string; createdAt: Date; status: string; updatedAt: Date; distanceKm: number; jobId: string; sourceDistrictId: string; targetDistrictId: string; lineItems: JsonValue; ... 6 more ...; expiresAt: Date; }'. Did you mean 'sourceDistrictId'?
src/app/api/aco/approve-inter-district/route.ts(252,41): error TS2551: Property 'targetDistrict' does not exist on type '{ id: string; createdAt: Date; status: string; updatedAt: Date; distanceKm: number; jobId: string; sourceDistrictId: string; targetDistrictId: string; lineItems: JsonValue; ... 6 more ...; expiresAt: Date; }'. Did you mean 'targetDistrictId'?
src/app/api/aco/approve-inter-district/route.ts(253,44): error TS2339: Property 'productName' does not exist on type '{ id: string; createdAt: Date; status: string; updatedAt: Date; distanceKm: number; jobId: string; sourceDistrictId: string; targetDistrictId: string; lineItems: JsonValue; ... 6 more ...; expiresAt: Date; }'.
src/app/api/aco/approve-inter-district/route.ts(255,44): error TS2339: Property 'quantity' does not exist on type '{ id: string; createdAt: Date; status: string; updatedAt: Date; distanceKm: number; jobId: string; sourceDistrictId: string; targetDistrictId: string; lineItems: JsonValue; ... 6 more ...; expiresAt: Date; }'.
src/app/api/aco/jobs/[id]/route.ts(17,9): error TS2561: Object literal may only specify known properties, but 'allocations' does not exist in type 'ACORoutingJobInclude<DefaultArgs>'. Did you mean to write 'acoallocations'?
src/app/api/aco/jobs/route.ts(54,9): error TS2561: Object literal may only specify known properties, but 'allocations' does not exist in type 'ACORoutingJobInclude<DefaultArgs>'. Did you mean to write 'acoallocations'?
src/app/api/aco/trigger/route.ts(114,13): error TS2353: Object literal may only specify known properties, and 'productName' does not exist in type 'ACORoutingJobWhereInput'.
src/app/api/aco/trigger/route.ts(140,13): error TS2353: Object literal may only specify known properties, and 'productName' does not exist in type '(Without<ACORoutingJobCreateInput, ACORoutingJobUncheckedCreateInput> & ACORoutingJobUncheckedCreateInput) | (Without<...> & ACORoutingJobCreateInput)'.
src/app/api/aco/trigger/route.ts(601,23): error TS2353: Object literal may only specify known properties, and 'productName' does not exist in type 'InterDistrictOpportunityWhereInput'.
src/app/api/aco/trigger/route.ts(604,29): error TS2353: Object literal may only specify known properties, and 'quantity' does not exist in type 'InterDistrictOpportunitySumAggregateInputType'.
src/app/api/aco/trigger/route.ts(606,61): error TS2339: Property 'quantity' does not exist on type '{ totalQuantity?: number; overallAcoScore?: number; distanceKm?: number; }'.
src/app/api/aco/trigger/route.ts(616,23): error TS2353: Object literal may only specify known properties, and 'productName' does not exist in type 'InterDistrictOpportunityWhereInput'.
src/app/api/aco/trigger/route.ts(668,25): error TS2353: Object literal may only specify known properties, and 'productName' does not exist in type '(Without<InterDistrictOpportunityCreateInput, InterDistrictOpportunityUncheckedCreateInput> & InterDistrictOpportunityUncheckedCreateInput) | (Without<...> & InterDistrictOpportunityCreateInput)'.
src/app/api/aco/trigger/route.ts(723,13): error TS2353: Object literal may only specify known properties, and 'phase1Allocated' does not exist in type '(Without<ACORoutingJobUpdateInput, ACORoutingJobUncheckedUpdateInput> & ACORoutingJobUncheckedUpdateInput) | (Without<...> & ACORoutingJobUpdateInput)'.
